src/app/features/billing/billing.component.ts(3,29): error TS2307: Cannot find module '../../../environments/environment' or its corresponding type declarations.
